[38;2;223;219;221m[38;2;223;219;221m> [m[38;2;133;131;146mT[m[38;2;133;131;146mype to filter[m[38;2;133;131;146m                                                                                       [m[m
[38;2;223;219;221m│Item 0                                                                                             [m   
[38;2;223;219;221mItem 1                                                                                              [m   
[38;2;223;219;221mItem 2                                                                                              [m   
[38;2;223;219;221mItem 3                                                                                              [m   
[38;2;223;219;221mItem 4                                                                                              [m   
                                                                                                       
                                                                                                       
                                                                                                       
                                                                                                       